current directory: /home/abuwadu/projects/web_project/Restorer/vendor/bundle/ruby/3.3.0/gems/io-console-0.9.3/ext/io/console
/usr/bin/ruby3.3 -I/usr/lib/ruby/vendor_ruby extconf.rb
checking for rb_interned_str_cstr()... yes
checking for rb_ractor_local_storage_value_newkey()... yes
checking for rb_io_descriptor() in ruby/io.h... yes
checking for rb_io_path() in ruby/io.h... yes
checking for rb_io_closed_p() in ruby/io.h... yes
checking for rb_io_open_descriptor() in ruby/io.h... yes
checking for termios.h... yes
checking for cfmakeraw() in termios.h... yes
checking for sys/ioctl.h... yes
checking for HAVE_RUBY_FIBER_SCHEDULER_H... yes
checking for rb_category_warn()... yes
checking for RB_WARN_CATEGORY_DEPRECATED... yes
checking for ttyname_r()... yes
checking for rb_prepend_module()... yes
checking for gperf... no
creating Makefile

current directory: /home/abuwadu/projects/web_project/Restorer/vendor/bundle/ruby/3.3.0/gems/io-console-0.9.3/ext/io/console
make DESTDIR\= sitearchdir\=./.gem.20260914-20224-jdpd76 sitelibdir\=./.gem.20260914-20224-jdpd76 clean

current directory: /home/abuwadu/projects/web_project/Restorer/vendor/bundle/ruby/3.3.0/gems/io-console-0.9.3/ext/io/console
make DESTDIR\= sitearchdir\=./.gem.20260914-20224-jdpd76 sitelibdir\=./.gem.20260914-20224-jdpd76
compiling console.c
linking shared-object io/console.so

current directory: /home/abuwadu/projects/web_project/Restorer/vendor/bundle/ruby/3.3.0/gems/io-console-0.9.3/ext/io/console
make DESTDIR\= sitearchdir\=./.gem.20260914-20224-jdpd76 sitelibdir\=./.gem.20260914-20224-jdpd76 install
/usr/bin/install -c -m 0755 console.so ./.gem.20260914-20224-jdpd76/io

current directory: /home/abuwadu/projects/web_project/Restorer/vendor/bundle/ruby/3.3.0/gems/io-console-0.9.3/ext/io/console
make DESTDIR\= sitearchdir\=./.gem.20260914-20224-jdpd76 sitelibdir\=./.gem.20260914-20224-jdpd76 clean
