current directory: /home/abuwadu/projects/web_project/Restorer/vendor/bundle/ruby/3.3.0/gems/ed25519-1.4.0/ext/ed25519_ref10
/usr/bin/ruby3.3 -I/usr/lib/ruby/vendor_ruby extconf.rb
checking for whether -Wall is accepted as CFLAGS... yes
checking for whether -O3 is accepted as CFLAGS... yes
checking for whether -pedantic is accepted as CFLAGS... yes
checking for whether -std=c99 is accepted as CFLAGS... no
creating Makefile

current directory: /home/abuwadu/projects/web_project/Restorer/vendor/bundle/ruby/3.3.0/gems/ed25519-1.4.0/ext/ed25519_ref10
make DESTDIR\= sitearchdir\=./.gem.20260914-20224-9zyl2j sitelibdir\=./.gem.20260914-20224-9zyl2j clean

current directory: /home/abuwadu/projects/web_project/Restorer/vendor/bundle/ruby/3.3.0/gems/ed25519-1.4.0/ext/ed25519_ref10
make DESTDIR\= sitearchdir\=./.gem.20260914-20224-9zyl2j sitelibdir\=./.gem.20260914-20224-9zyl2j
compiling ed25519_ref10.c
compiling fe.c
compiling ge.c
compiling keypair.c
compiling open.c
compiling sc_muladd.c
compiling sha512.c
compiling sc_reduce.c
compiling sign.c
compiling verify.c
linking shared-object ed25519_ref10.so

current directory: /home/abuwadu/projects/web_project/Restorer/vendor/bundle/ruby/3.3.0/gems/ed25519-1.4.0/ext/ed25519_ref10
make DESTDIR\= sitearchdir\=./.gem.20260914-20224-9zyl2j sitelibdir\=./.gem.20260914-20224-9zyl2j install
/usr/bin/install -c -m 0755 ed25519_ref10.so ./.gem.20260914-20224-9zyl2j

current directory: /home/abuwadu/projects/web_project/Restorer/vendor/bundle/ruby/3.3.0/gems/ed25519-1.4.0/ext/ed25519_ref10
make DESTDIR\= sitearchdir\=./.gem.20260914-20224-9zyl2j sitelibdir\=./.gem.20260914-20224-9zyl2j clean
