current directory: /home/abuwadu/projects/web_project/Restorer/vendor/bundle/ruby/3.3.0/gems/date-3.5.1/ext/date
/usr/bin/ruby3.3 -I/usr/lib/ruby/vendor_ruby extconf.rb
checking for rb_category_warn()... yes
checking for timezone in time.h with  -Werror... yes
checking for altzone in time.h with  -Werror... no
creating Makefile

current directory: /home/abuwadu/projects/web_project/Restorer/vendor/bundle/ruby/3.3.0/gems/date-3.5.1/ext/date
make DESTDIR\= sitearchdir\=./.gem.20260914-20224-ibc1ci sitelibdir\=./.gem.20260914-20224-ibc1ci clean

current directory: /home/abuwadu/projects/web_project/Restorer/vendor/bundle/ruby/3.3.0/gems/date-3.5.1/ext/date
make DESTDIR\= sitearchdir\=./.gem.20260914-20224-ibc1ci sitelibdir\=./.gem.20260914-20224-ibc1ci
compiling date_core.c
compiling date_strftime.c
compiling date_parse.c
compiling date_strptime.c
linking shared-object date_core.so

current directory: /home/abuwadu/projects/web_project/Restorer/vendor/bundle/ruby/3.3.0/gems/date-3.5.1/ext/date
make DESTDIR\= sitearchdir\=./.gem.20260914-20224-ibc1ci sitelibdir\=./.gem.20260914-20224-ibc1ci install
/usr/bin/install -c -m 0755 date_core.so ./.gem.20260914-20224-ibc1ci

current directory: /home/abuwadu/projects/web_project/Restorer/vendor/bundle/ruby/3.3.0/gems/date-3.5.1/ext/date
make DESTDIR\= sitearchdir\=./.gem.20260914-20224-ibc1ci sitelibdir\=./.gem.20260914-20224-ibc1ci clean
