current directory: /home/abuwadu/projects/web_project/Restorer/vendor/bundle/ruby/3.3.0/gems/bcrypt-3.1.22/ext/mri
/usr/bin/ruby3.3 -I/usr/lib/ruby/vendor_ruby extconf.rb
creating Makefile

current directory: /home/abuwadu/projects/web_project/Restorer/vendor/bundle/ruby/3.3.0/gems/bcrypt-3.1.22/ext/mri
make DESTDIR\= sitearchdir\=./.gem.20260915-3450-wii4b0 sitelibdir\=./.gem.20260915-3450-wii4b0 clean

current directory: /home/abuwadu/projects/web_project/Restorer/vendor/bundle/ruby/3.3.0/gems/bcrypt-3.1.22/ext/mri
make DESTDIR\= sitearchdir\=./.gem.20260915-3450-wii4b0 sitelibdir\=./.gem.20260915-3450-wii4b0
x86_64-linux-gnu-gcc  -D__SKIP_GNU -Wdate-time -D_FORTIFY_SOURCE=3    -c -o x86.o x86.S
compiling bcrypt_ext.c
compiling wrapper.c
compiling crypt_blowfish.c
compiling crypt_gensalt.c
wrapper.c:182:60: warning: ‘struct crypt_data’ declared inside parameter list will not be visible outside of this definition or declaration
  182 | char *crypt_r(const char *key, const char *setting, struct crypt_data *data)
      |                                                            ^~~~~~~~~~
linking shared-object bcrypt_ext.so

current directory: /home/abuwadu/projects/web_project/Restorer/vendor/bundle/ruby/3.3.0/gems/bcrypt-3.1.22/ext/mri
make DESTDIR\= sitearchdir\=./.gem.20260915-3450-wii4b0 sitelibdir\=./.gem.20260915-3450-wii4b0 install
/usr/bin/install -c -m 0755 bcrypt_ext.so ./.gem.20260915-3450-wii4b0

current directory: /home/abuwadu/projects/web_project/Restorer/vendor/bundle/ruby/3.3.0/gems/bcrypt-3.1.22/ext/mri
make DESTDIR\= sitearchdir\=./.gem.20260915-3450-wii4b0 sitelibdir\=./.gem.20260915-3450-wii4b0 clean
